traffic.c:14:6:onRed_lineX	8	static
traffic.c:20:6:onGreen_lineX	8	static
traffic.c:26:6:onYellow_lineX	8	static
traffic.c:32:6:onRed_lineY	8	static
traffic.c:38:6:onGreen_lineY	8	static
traffic.c:44:6:onYellow_lineY	8	static
traffic.c:52:6:toggleLedRed	8	static
traffic.c:56:6:toggleRed_lineX	8	static
traffic.c:60:6:toggleGreen_lineX	8	static
traffic.c:64:6:toggleYellow_lineX	8	static
traffic.c:68:6:toggleRed_lineY	8	static
traffic.c:72:6:toggleGreen_lineY	8	static
traffic.c:76:6:toggleYellow_lineY	8	static
traffic.c:80:6:offAllLed_lineX	8	static
traffic.c:85:6:offGreenYellow_lineX	8	static
traffic.c:89:6:offGreenRed_lineX	8	static
traffic.c:93:6:offRedYellow_lineX	8	static
traffic.c:99:6:offAllLed_lineY	8	static
traffic.c:104:6:offGreenYellow_lineY	8	static
traffic.c:108:6:offGreenRed_lineY	8	static
traffic.c:112:6:offRedYellow_lineY	8	static
